Microchip MPLAB XC8 Compiler V2.30

Linker command line:

-W-3 --edf=C:\Program Files\Microchip\xc8\v2.30\pic\dat\en_msgs.txt -cn \
  -h+dist/default/production\AFC_PIC16F887.X.production.sym \
  --cmf=dist/default/production\AFC_PIC16F887.X.production.cmf -z -Q16F887 \
  -oC:\Users\Hussam\AppData\Local\Temp\sadgx2 --defsym=__MPLAB_BUILD=1 \
  -Mdist/default/production/AFC_PIC16F887.X.production.map -E1 \
  -ver=XC8 Compiler --acfsm=1493 -ASTACK=0110h-016Fh -pstack=STACK \
  -ACODE=00h-07FFhx4 -ASTRCODE=00h-01FFFh -ASTRING=00h-0FFhx32 \
  -ACONST=00h-0FFhx32 -AENTRY=00h-0FFhx32 -ACOMMON=070h-07Fh \
  -ABANK0=020h-06Fh -ABANK1=0A0h-0EFh -ABANK2=0110h-016Fh \
  -ABANK3=0190h-01EFh -ARAM=020h-06Fh,0A0h-0EFh,0110h-016Fh,0190h-01EFh \
  -AABS1=020h-07Fh,0A0h-0EFh,0110h-016Fh,0190h-01EFh -ASFR0=00h-01Fh \
  -ASFR1=080h-09Fh -ASFR2=0100h-010Fh -ASFR3=0180h-018Fh \
  -ACONFIG=02007h-02008h -DCONFIG=2 -AIDLOC=02000h-02003h -DIDLOC=2 \
  -AEEDATA=00h-0FFh/02100h -peeprom_data=EEDATA -DEEDATA=2 -DCODE=2 \
  -DSTRCODE=2 -DSTRING=2 -DCONST=2 -DENTRY=2 \
  -preset_vec=00h,intentry=04h,init,end_init -ppowerup=CODE -pcinit=CODE \
  -pfunctab=ENTRY -k C:\Users\Hussam\AppData\Local\Temp\sadgxi.o \
  dist/default/production\AFC_PIC16F887.X.production.o 

Object code version is 3.11

Machine type is 16F887



                Name                               Link     Load   Length Selector   Space Scale
C:\Users\Hussam\AppData\Local\Temp\sadgxi.o
                end_init                              C        C        3        8       0
                reset_vec                             0        0        3        0       0
                config                             2007     2007        2        0       4
dist/default/production\AFC_PIC16F887.X.production.o
                cinit                                 F        F       47        8       0
                intentry                              4        4        8        8       0
                config                             2007     2007        2        0       4
                text36                             1F78     1F78       88     3EF0       0
                text35                             1C9B     1C9B        9     3936       0
                text34                             1E53     1E53       33     3CA6       0
                text33                             1DAD     1DAD       26     3B5A       0
                text32                              87F      87F      263     10FE       0
                text31                              AE2      AE2      288     15C4       0
                text30                             1D89     1D89       24     3B12       0
                text29                              803      803       7C     1006       0
                text28                             1187     1187       A4     230E       0
                text27                             122B     122B       BC     2456       0
                text26                             1DFA     1DFA       29     3BF4       0
                text25                              45A      45A      361        8       0
                text24                             12E7     12E7       E6     25CE       0
                text23                             1ECC     1ECC       50     3D98       0
                text22                             1F1C     1F1C       5C     3E38       0
                text21                             150E     150E      172     2A1C       0
                text20                              D6A      D6A      296     1AD4       0
                text19                             1CAD     1CAD        D     395A       0
                text18                             1CBA     1CBA        D     3974       0
                text17                             1CA4     1CA4        9     3948       0
                text16                              7F7      7F7        9        8       0
                text15                             1CD5     1CD5       12     39AA       0
                text14                             1D2C     1D2C       1F     3A58       0
                text13                             1D4B     1D4B       1F     3A96       0
                text12                             1D0E     1D0E       1E     3A1C       0
                text11                             1CC7     1CC7        E     398E       0
                text10                             10EE     10EE       99     21DC       0
                text9                              1E23     1E23       30     3C46       0
                text8                              1D6A     1D6A       1F     3AD4       0
                text7                              1E86     1E86       46     3D0C       0
                text6                              13CD     13CD      141     279A       0
                text5                              10A8     10A8       46     2150       0
                text4                               7BB      7BB       3C        8       0
                text3                              1DD3     1DD3       27     3BA6       0
                text2                              1CFA     1CFA       14     39F4       0
                text1                              1680     1680      180     2D00       0
                maintext                             56       56      404        8       0
                cstackBANK0                          20       20       4F       20       1
                cstackCOMMON                         70       70        6       70       1
                cstackBANK1                          A0       A0       42       A0       1
                cstackBANK3                         1D8      1D8        3      190       1
                clrtext                            1C93     1C93        8     3926       0
                inittext                           1CE7     1CE7       13     39CE       0
                dataBANK3                           1D2      1D2        6      190       1
                bssBANK3                            190      190       42      190       1
                dataBANK1                            EC       EC        4       A0       1
                bssBANK1                             E2       E2        A       A0       1
                dataCOMMON                           79       79        3       70       1
                bssCOMMON                            76       76        3       70       1
                nvBANK0                              6F       6F        1       20       1
                strings                            1000     1000       A7     2000       0
                idataBANK3                         1C8D     1C8D        6     391A       0
                idataBANK1                         1C89     1C89        4     3912       0
                idataCOMMON                         800      800        3        8       0

TOTAL           Name                               Link     Load   Length     Space
        CLASS   STACK          

        CLASS   CODE           
                end_init                              C        C        3         0
                cinit                                 F        F       47         0
                intentry                              4        4        8         0
                reset_vec                             0        0        3         0
                text36                             1F78     1F78       88         0
                text35                             1C9B     1C9B        9         0
                text34                             1E53     1E53       33         0
                text33                             1DAD     1DAD       26         0
                text32                              87F      87F      263         0
                text31                              AE2      AE2      288         0
                text30                             1D89     1D89       24         0
                text29                              803      803       7C         0
                text28                             1187     1187       A4         0
                text27                             122B     122B       BC         0
                text26                             1DFA     1DFA       29         0
                text25                              45A      45A      361         0
                text24                             12E7     12E7       E6         0
                text23                             1ECC     1ECC       50         0
                text22                             1F1C     1F1C       5C         0
                text21                             150E     150E      172         0
                text20                              D6A      D6A      296         0
                text19                             1CAD     1CAD        D         0
                text18                             1CBA     1CBA        D         0
                text17                             1CA4     1CA4        9         0
                text16                              7F7      7F7        9         0
                text15                             1CD5     1CD5       12         0
                text14                             1D2C     1D2C       1F         0
                text13                             1D4B     1D4B       1F         0
                text12                             1D0E     1D0E       1E         0
                text11                             1CC7     1CC7        E         0
                text10                             10EE     10EE       99         0
                text9                              1E23     1E23       30         0
                text8                              1D6A     1D6A       1F         0
                text7                              1E86     1E86       46         0
                text6                              13CD     13CD      141         0
                text5                              10A8     10A8       46         0
                text4                               7BB      7BB       3C         0
                text3                              1DD3     1DD3       27         0
                text2                              1CFA     1CFA       14         0
                text1                              1680     1680      180         0
                maintext                             56       56      404         0
                clrtext                            1C93     1C93        8         0
                inittext                           1CE7     1CE7       13         0
                idataBANK3                         1C8D     1C8D        6         0
                idataBANK1                         1C89     1C89        4         0
                idataCOMMON                         800      800        3         0

        CLASS   STRCODE        

        CLASS   STRING         
                strings                            1000     1000       A7         0

        CLASS   CONST          

        CLASS   ENTRY          

        CLASS   COMMON         
                cstackCOMMON                         70       70        6         1
                dataCOMMON                           79       79        3         1
                bssCOMMON                            76       76        3         1

        CLASS   BANK0          
                cstackBANK0                          20       20       4F         1
                nvBANK0                              6F       6F        1         1

        CLASS   BANK1          
                cstackBANK1                          A0       A0       42         1
                dataBANK1                            EC       EC        4         1
                bssBANK1                             E2       E2        A         1

        CLASS   BANK2          

        CLASS   BANK3          
                cstackBANK3                         1D8      1D8        3         1
                dataBANK3                           1D2      1D2        6         1
                bssBANK3                            190      190       42         1

        CLASS   RAM            

        CLASS   ABS1           
                abs_s1                               7E       7E        2         1

        CLASS   SFR0           

        CLASS   SFR1           

        CLASS   SFR2           

        CLASS   SFR3           

        CLASS   CONFIG         
                config                             2007     2007        2         4

        CLASS   IDLOC          

        CLASS   EEDATA         



SEGMENTS        Name                           Load    Length   Top    Selector   Space  Class     Delta

                reset_vec                      000000  000003  000003         0       0  CODE        2
                intentry                       000004  0007FF  000803         8       0  CODE        2
                cstackBANK0                    000020  000050  000070        20       1  BANK0       1
                cstackCOMMON                   000070  00000C  00007C        70       1  COMMON      1
                cstackBANK1                    0000A0  000050  0000F0        A0       1  BANK1       1
                bssBANK3                       000190  00004B  0001DB       190       1  BANK3       1
                text29                         000803  00007C  00087F      1006       0  CODE        2
                text32                         00087F  000263  000AE2      10FE       0  CODE        2
                text31                         000AE2  000288  000D6A      15C4       0  CODE        2
                text20                         000D6A  000296  001000      1AD4       0  CODE        2
                strings                        001000  0000A7  0010A7      2000       0  STRING      2
                text5                          0010A8  000046  0010EE      2150       0  CODE        2
                text10                         0010EE  000099  001187      21DC       0  CODE        2
                text28                         001187  0000A4  00122B      230E       0  CODE        2
                text27                         00122B  0000BC  0012E7      2456       0  CODE        2
                text24                         0012E7  0000E6  0013CD      25CE       0  CODE        2
                text6                          0013CD  000141  00150E      279A       0  CODE        2
                text21                         00150E  000172  001680      2A1C       0  CODE        2
                text1                          001680  000180  001800      2D00       0  CODE        2
                idataBANK1                     001C89  000004  001C8D      3912       0  CODE        2
                idataBANK3                     001C8D  000006  001C93      391A       0  CODE        2
                clrtext                        001C93  000008  001C9B      3926       0  CODE        2
                text35                         001C9B  000009  001CA4      3936       0  CODE        2
                text17                         001CA4  000009  001CAD      3948       0  CODE        2
                text19                         001CAD  00000D  001CBA      395A       0  CODE        2
                text18                         001CBA  00000D  001CC7      3974       0  CODE        2
                text11                         001CC7  00000E  001CD5      398E       0  CODE        2
                text15                         001CD5  000012  001CE7      39AA       0  CODE        2
                inittext                       001CE7  000013  001CFA      39CE       0  CODE        2
                text2                          001CFA  000014  001D0E      39F4       0  CODE        2
                text12                         001D0E  00001E  001D2C      3A1C       0  CODE        2
                text14                         001D2C  00001F  001D4B      3A58       0  CODE        2
                text13                         001D4B  00001F  001D6A      3A96       0  CODE        2
                text8                          001D6A  00001F  001D89      3AD4       0  CODE        2
                text30                         001D89  000024  001DAD      3B12       0  CODE        2
                text33                         001DAD  000026  001DD3      3B5A       0  CODE        2
                text3                          001DD3  000027  001DFA      3BA6       0  CODE        2
                text26                         001DFA  000029  001E23      3BF4       0  CODE        2
                text9                          001E23  000030  001E53      3C46       0  CODE        2
                text34                         001E53  000033  001E86      3CA6       0  CODE        2
                text7                          001E86  000046  001ECC      3D0C       0  CODE        2
                text23                         001ECC  000050  001F1C      3D98       0  CODE        2
                text22                         001F1C  00005C  001F78      3E38       0  CODE        2
                text36                         001F78  000088  002000      3EF0       0  CODE        2


UNUSED ADDRESS RANGES

        Name                Unused          Largest block    Delta
        BANK2            0110-016F             60           1
        BANK3            01DB-01EF             15           1
        CODE             0003-0003              1           2
                         10A7-10A7              1
                         1800-1C88            489
        COMMON           007C-007D              2           1
        CONST            0003-0003              1           2
                         10A7-10A7              1
                         1800-1C88            100
        EEDATA           2100-21FF            100           2
        ENTRY            0003-0003              1           2
                         10A7-10A7              1
                         1800-1C88            100
        IDLOC            2000-2003              4           2
        RAM              0110-016F             60           1
                         01DB-01EF             15
        SFR0             0000-001F             20           1
        SFR1             0080-009F             20           1
        SFR2             0100-010F             10           1
        SFR3             0180-018F             10           1
        STACK            0110-016F             60           1
        STRCODE          0003-0003              1           2
                         10A7-10A7              1
                         1800-1C88            489
        STRING           0003-0003              1           2
                         10A7-10A7              1
                         1800-1C88            100

                                  Symbol Table

?_ADC_Read                  cstackBANK0  0020
?_Alarms                    cstackBANK0  0025
?_GetTemp                   cstackBANK1  00D8
?__Umul8_16                 cstackBANK0  0020
?___fladd                   cstackBANK0  0033
?___fldiv                   cstackBANK1  00A0
?___flmul                   cstackBANK0  004F
?___flsub                   cstackBANK0  0047
?___fltol                   cstackBANK1  00CD
?___lwdiv                   cstackBANK0  0020
?___lwmod                   cstackBANK0  0028
?___wmul                    cstackBANK0  0020
?___xxtofl                  cstackBANK0  0025
?_eval_poly                 cstackBANK1  00A0
?_frexp                     cstackBANK0  002C
?_log                       cstackBANK1  00B5
?_map                       cstackBANK1  00B5
?_sprintf                   cstackBANK0  002E
ADC_Read@ANC                cstackBANK0  0024
I2C_Master_Write@data       cstackBANK0  0020
IO_Expander_Write@Data      cstackBANK0  0021
LCD_CMD@CMD                 cstackBANK0  0025
LCD_Init@I2C_Add            cstackBANK0  0028
LCD_Set_Cursor@COL          cstackBANK0  0026
LCD_Set_Cursor@ROW          cstackBANK0  0027
LCD_Write_4Bit@Nibble       cstackBANK0  0023
LCD_Write_Char@Data         cstackBANK0  0025
LCD_Write_String@Str        cstackBANK0  0026
LCD_Write_String@i          cstackBANK0  002B
_ACKDT                      (abs)        048D
_ACKEN                      (abs)        048C
_ACKSTAT                    (abs)        048E
_ADCON0                     (abs)        001F
_ADCON0bits                 (abs)        001F
_ADCON1                     (abs)        009F
_ADC_Init                   text35       1C9B
_ADC_Read                   text34       1E53
_ADRESH                     (abs)        001E
_ADRESL                     (abs)        009E
_AN0RES                     bssBANK3     01A8
_Alarms                     text33       1DAD
_BackLight_State            dataCOMMON   007B
_CCP1CON                    (abs)        0017
_CCP1IE                     (abs)        0462
_CCP1IF                     (abs)        0062
_CCPR                       bssBANK3     0190
_CCPR1H                     (abs)        0016
_CCPR1L                     (abs)        0015
_GO_DONE                    (abs)        00F9
_GetTemp                    text20       0D6A
_GetTemp$1061               cstackBANK1  00DE
_I2C_Master_Init            text19       1CAD
_I2C_Master_Start           text17       1CA4
_I2C_Master_Stop            text16       07F7
_I2C_Master_Wait            text18       1CBA
_I2C_Master_Write           text15       1CD5
_INTCON                     (abs)        000B
_IO_Expander_Write          text14       1D2C
_ISR                        text36       1F78
_LCD_CMD                    text12       1D0E
_LCD_Clear                  text11       1CC7
_LCD_Init                   text10       10EE
_LCD_Set_Cursor             text9        1E23
_LCD_Write_4Bit             text13       1D4B
_LCD_Write_Char             text8        1D6A
_LCD_Write_String           text7        1E86
_PEN                        (abs)        048A
_RAlarm                     bssBANK1     00E4
_RB1                        (abs)        0031
_RC2                        (abs)        003A
_RCEN                       (abs)        048B
_RS                         bssCOMMON    0078
_RSEN                       (abs)        0489
_RT                         bssBANK3     0198
_RTemperature               bssCOMMON    0076
_SEN                        (abs)        0488
_SSPADD                     (abs)        0093
_SSPBUF                     (abs)        0013
_SSPCON                     (abs)        0014
_SSPCON2                    (abs)        0091
_SSPIF                      (abs)        0063
_SSPSTAT                    (abs)        0094
_T0                         bssBANK3     01CA
_T1CON                      (abs)        0010
_TMR1H                      (abs)        000F
_TMR1L                      (abs)        000E
_TRISBbits                  (abs)        0086
_TRISC3                     (abs)        043B
_TRISC4                     (abs)        043C
_TRISCbits                  (abs)        0087
_TempSTR                    bssBANK3     01BA
_Temperature                bssBANK1     00E6
_VR                         bssBANK3     0194
_VRT                        bssBANK1     00E8
__Habs1                     abs1         0000
__Hbank0                    bank0        0000
__Hbank1                    bank1        0000
__Hbank2                    bank2        0000
__Hbank3                    bank3        0000
__HbssBANK1                 bssBANK1     0000
__HbssBANK3                 bssBANK3     0000
__HbssCOMMON                bssCOMMON    0000
__Hcinit                    cinit        0056
__Hclrtext                  clrtext      0000
__Hcode                     code         0000
__Hcommon                   common       0000
__Hconfig                   config       2009
__HcstackBANK0              cstackBANK0  0000
__HcstackBANK1              cstackBANK1  0000
__HcstackBANK3              cstackBANK3  0000
__HcstackCOMMON             cstackCOMMON 0000
__HdataBANK1                dataBANK1    0000
__HdataBANK3                dataBANK3    0000
__HdataCOMMON               dataCOMMON   0000
__Heeprom_data              eeprom_data  0000
__Hend_init                 end_init     000F
__Hfunctab                  functab      0000
__HidataBANK1               idataBANK1   0000
__HidataBANK3               idataBANK3   0000
__HidataCOMMON              idataCOMMON  0000
__Hinit                     init         000C
__Hinittext                 inittext     0000
__Hintentry                 intentry     000C
__Hmaintext                 maintext     0000
__HnvBANK0                  nvBANK0      0000
__Hpowerup                  powerup      0000
__Hram                      ram          0000
__Hreset_vec                reset_vec    0003
__Hsfr0                     sfr0         0000
__Hsfr1                     sfr1         0000
__Hsfr2                     sfr2         0000
__Hsfr3                     sfr3         0000
__Hspace_0                  (abs)        2000
__Hspace_1                  (abs)        01DB
__Hspace_2                  (abs)        0000
__Hspace_3                  (abs)        0000
__Hspace_4                  (abs)        4010
__Hstack                    stack        0000
__Hstrings                  strings      0000
__Htext                     text         0000
__Labs1                     abs1         0000
__Lbank0                    bank0        0000
__Lbank1                    bank1        0000
__Lbank2                    bank2        0000
__Lbank3                    bank3        0000
__LbssBANK1                 bssBANK1     0000
__LbssBANK3                 bssBANK3     0000
__LbssCOMMON                bssCOMMON    0000
__Lcinit                    cinit        000F
__Lclrtext                  clrtext      0000
__Lcode                     code         0000
__Lcommon                   common       0000
__Lconfig                   config       0000
__LcstackBANK0              cstackBANK0  0000
__LcstackBANK1              cstackBANK1  0000
__LcstackBANK3              cstackBANK3  0000
__LcstackCOMMON             cstackCOMMON 0000
__LdataBANK1                dataBANK1    0000
__LdataBANK3                dataBANK3    0000
__LdataCOMMON               dataCOMMON   0000
__Leeprom_data              eeprom_data  0000
__Lend_init                 end_init     000C
__Lfunctab                  functab      0000
__LidataBANK1               idataBANK1   0000
__LidataBANK3               idataBANK3   0000
__LidataCOMMON              idataCOMMON  0000
__Linit                     init         000C
__Linittext                 inittext     0000
__Lintentry                 intentry     0004
__Lmaintext                 maintext     0000
__LnvBANK0                  nvBANK0      0000
__Lpowerup                  powerup      0000
__Lram                      ram          0000
__Lreset_vec                reset_vec    0000
__Lsfr0                     sfr0         0000
__Lsfr1                     sfr1         0000
__Lsfr2                     sfr2         0000
__Lsfr3                     sfr3         0000
__Lspace_0                  (abs)        0000
__Lspace_1                  (abs)        0000
__Lspace_2                  (abs)        0000
__Lspace_3                  (abs)        0000
__Lspace_4                  (abs)        0000
__Lstack                    stack        0000
__Lstrings                  strings      0000
__Ltext                     text         0000
__S0                        (abs)        2000
__S1                        (abs)        01DB
__S2                        (abs)        0000
__S3                        (abs)        0000
__Umul8_16                  text26       1DFA
__Umul8_16@multiplicand     cstackBANK0  0020
__Umul8_16@multiplier       cstackBANK0  0028
__Umul8_16@product          cstackBANK0  0024
__Umul8_16@word_mpld        cstackBANK0  0026
___fladd                    text31       0AE2
___fladd@a                  cstackBANK0  0037
___fladd@aexp               cstackBANK0  0044
___fladd@b                  cstackBANK0  0033
___fladd@bexp               cstackBANK0  0045
___fladd@grs                cstackBANK0  0046
___fladd@signs              cstackBANK0  0043
___fldiv                    text32       087F
___fldiv@a                  cstackBANK1  00A0
___fldiv@aexp               cstackBANK1  00B4
___fldiv@b                  cstackBANK1  00A4
___fldiv@bexp               cstackBANK1  00B3
___fldiv@grs                cstackBANK1  00AF
___fldiv@new_exp            cstackBANK1  00AD
___fldiv@rem                cstackBANK1  00A8
___fldiv@sign               cstackBANK1  00AC
___fleq                     text23       1ECC
___fleq@ff1                 cstackBANK0  0020
___fleq@ff2                 cstackBANK0  0024
___flge                     text28       1187
___flge@ff1                 cstackBANK0  0020
___flge@ff2                 cstackBANK0  0024
___flmul                    text25       045A
___flmul@a                  cstackBANK0  0053
___flmul@aexp               cstackBANK0  005D
___flmul@b                  cstackBANK0  004F
___flmul@bexp               cstackBANK0  0062
___flmul@grs                cstackBANK0  005E
___flmul@prod               cstackBANK0  0063
___flmul@sign               cstackBANK0  005C
___flmul@temp               cstackBANK0  0067
___flsub                    text30       1D89
___flsub@a                  cstackBANK0  0047
___flsub@b                  cstackBANK0  004B
___fltol                    text29       0803
___fltol@exp1               cstackBANK1  00D7
___fltol@f1                 cstackBANK1  00CD
___fltol@sign1              cstackBANK1  00D6
___int_sp                   stack        0000
___latbits                  (abs)        0002
___lwdiv                    text5        10A8
___lwdiv@counter            cstackBANK0  0025
___lwdiv@dividend           cstackBANK0  0022
___lwdiv@divisor            cstackBANK0  0020
___lwdiv@quotient           cstackBANK0  0026
___lwmod                    text4        07BB
___lwmod@counter            cstackBANK0  002D
___lwmod@dividend           cstackBANK0  002A
___lwmod@divisor            cstackBANK0  0028
___sp                       stack        0000
___stackhi                  (abs)        0000
___stacklo                  (abs)        0000
___wmul                     text3        1DD3
___wmul@multiplicand        cstackBANK0  0022
___wmul@multiplier          cstackBANK0  0020
___wmul@product             cstackBANK0  0024
___xxtofl                   text27       122B
___xxtofl@arg               cstackBANK0  002F
___xxtofl@exp               cstackBANK0  002E
___xxtofl@sign              cstackBANK0  002D
___xxtofl@val               cstackBANK0  0025
__end_of_ADC_Init           text35       1CA4
__end_of_ADC_Read           text34       1E86
__end_of_Alarms             text33       1DD3
__end_of_GetTemp            text20       1000
__end_of_I2C_Master_Init    text19       1CBA
__end_of_I2C_Master_Start   text17       1CAD
__end_of_I2C_Master_Stop    text16       0800
__end_of_I2C_Master_Wait    text18       1CC7
__end_of_I2C_Master_Write   text15       1CE7
__end_of_IO_Expander_Write  text14       1D4B
__end_of_ISR                text36       2000
__end_of_LCD_CMD            text12       1D2C
__end_of_LCD_Clear          text11       1CD5
__end_of_LCD_Init           text10       1187
__end_of_LCD_Set_Cursor     text9        1E53
__end_of_LCD_Write_4Bit     text13       1D6A
__end_of_LCD_Write_Char     text8        1D89
__end_of_LCD_Write_String   text7        1ECC
__end_of__Umul8_16          text26       1E23
__end_of___fladd            text31       0D6A
__end_of___fldiv            text32       0AE2
__end_of___fleq             text23       1F1C
__end_of___flge             text28       122B
__end_of___flmul            text25       07BB
__end_of___flsub            text30       1DAD
__end_of___fltol            text29       087F
__end_of___lwdiv            text5        10EE
__end_of___lwmod            text4        07F7
__end_of___wmul             text3        1DFA
__end_of___xxtofl           text27       12E7
__end_of__initialization    cinit        0052
__end_of__stringtab         strings      1010
__end_of_dpowers            strings      101A
__end_of_eval_poly          text24       13CD
__end_of_frexp              text22       1F78
__end_of_isdigit            text2        1D0E
__end_of_log                text21       1680
__end_of_main               maintext     045A
__end_of_map                text6        150E
__end_of_sprintf            text1        1800
__end_of_total_period       strings      101E
__end_oflog@coeff           strings      1042
__initialization            cinit        000F
__pbssBANK1                 bssBANK1     00E2
__pbssBANK3                 bssBANK3     0190
__pbssCOMMON                bssCOMMON    0076
__pcstackBANK0              cstackBANK0  0020
__pcstackBANK1              cstackBANK1  00A0
__pcstackBANK3              cstackBANK3  01D8
__pcstackCOMMON             cstackCOMMON 0070
__pdataBANK1                dataBANK1    00EC
__pdataBANK3                dataBANK3    01D2
__pdataCOMMON               dataCOMMON   0079
__pidataBANK1               idataBANK1   1C89
__pidataBANK3               idataBANK3   1C8D
__pidataCOMMON              idataCOMMON  0800
__pintentry                 intentry     0004
__pmaintext                 maintext     0056
__pnvBANK0                  nvBANK0      006F
__pstrings                  strings      1000
__ptext1                    text1        1680
__ptext10                   text10       10EE
__ptext11                   text11       1CC7
__ptext12                   text12       1D0E
__ptext13                   text13       1D4B
__ptext14                   text14       1D2C
__ptext15                   text15       1CD5
__ptext16                   text16       07F7
__ptext17                   text17       1CA4
__ptext18                   text18       1CBA
__ptext19                   text19       1CAD
__ptext2                    text2        1CFA
__ptext20                   text20       0D6A
__ptext21                   text21       150E
__ptext22                   text22       1F1C
__ptext23                   text23       1ECC
__ptext24                   text24       12E7
__ptext25                   text25       045A
__ptext26                   text26       1DFA
__ptext27                   text27       122B
__ptext28                   text28       1187
__ptext29                   text29       0803
__ptext3                    text3        1DD3
__ptext30                   text30       1D89
__ptext31                   text31       0AE2
__ptext32                   text32       087F
__ptext33                   text33       1DAD
__ptext34                   text34       1E53
__ptext35                   text35       1C9B
__ptext36                   text36       1F78
__ptext4                    text4        07BB
__ptext5                    text5        10A8
__ptext6                    text6        13CD
__ptext7                    text7        1E86
__ptext8                    text8        1D6A
__ptext9                    text9        1E23
__size_of_ADC_Init          (abs)        0000
__size_of_ADC_Read          (abs)        0000
__size_of_Alarms            (abs)        0000
__size_of_GetTemp           (abs)        0000
__size_of_I2C_Master_Init   (abs)        0000
__size_of_I2C_Master_Start  (abs)        0000
__size_of_I2C_Master_Stop   (abs)        0000
__size_of_I2C_Master_Wait   (abs)        0000
__size_of_I2C_Master_Write  (abs)        0000
__size_of_IO_Expander_Write (abs)        0000
__size_of_ISR               (abs)        0000
__size_of_LCD_CMD           (abs)        0000
__size_of_LCD_Clear         (abs)        0000
__size_of_LCD_Init          (abs)        0000
__size_of_LCD_Set_Cursor    (abs)        0000
__size_of_LCD_Write_4Bit    (abs)        0000
__size_of_LCD_Write_Char    (abs)        0000
__size_of_LCD_Write_String  (abs)        0000
__size_of__Umul8_16         (abs)        0000
__size_of___fladd           (abs)        0000
__size_of___fldiv           (abs)        0000
__size_of___fleq            (abs)        0000
__size_of___flge            (abs)        0000
__size_of___flmul           (abs)        0000
__size_of___flsub           (abs)        0000
__size_of___fltol           (abs)        0000
__size_of___lwdiv           (abs)        0000
__size_of___lwmod           (abs)        0000
__size_of___wmul            (abs)        0000
__size_of___xxtofl          (abs)        0000
__size_of_eval_poly         (abs)        0000
__size_of_frexp             (abs)        0000
__size_of_isdigit           (abs)        0000
__size_of_log               (abs)        0000
__size_of_main              (abs)        0000
__size_of_map               (abs)        0000
__size_of_sprintf           (abs)        0000
__stringbase                strings      100F
__stringtab                 strings      1000
_c                          dataCOMMON   0079
_current_period             dataBANK1    00EC
_dpowers                    strings      1010
_errno                      bssBANK3     01A0
_eval_poly                  text24       12E7
_fanLCD                     bssBANK3     01A4
_fanSTR                     bssBANK3     01AA
_fanSpeed                   bssBANK3     01A6
_frexp                      text22       1F1C
_i                          bssBANK1     00E2
_i2c_add                    nvBANK0      006F
_isdigit                    text2        1CFA
_isdigit$791                cstackBANK0  0020
_ln                         bssBANK3     01CE
_log                        text21       150E
_main                       maintext     0056
_map                        text6        13CD
_map$1060                   cstackBANK1  00C9
_sprintf                    text1        1680
btemp                       (abs)        007E
clear_ram0                  clrtext      1C93
end_of_initialization       cinit        0052
eval_poly@d                 cstackBANK1  00A4
eval_poly@n                 cstackBANK1  00A5
eval_poly@res               cstackBANK1  00A7
eval_poly@x                 cstackBANK1  00A0
frexp@eptr                  cstackBANK0  0030
frexp@value                 cstackBANK0  002C
init_fetch0                 inittext     1CE7
init_ram0                   inittext     1CEB
interrupt_function          intentry     0004
intlevel0                   functab      0000
intlevel1                   functab      0000
intlevel2                   functab      0000
intlevel3                   functab      0000
intlevel4                   functab      0000
intlevel5                   functab      0000
isdigit@c                   cstackBANK0  0021
log@coeff                   strings      101E
log@exponent                cstackBANK1  00B9
log@x                       cstackBANK1  00B5
map@in_max                  cstackBANK1  00BD
map@in_min                  cstackBANK1  00B9
map@out_max                 cstackBANK1  00C5
map@out_min                 cstackBANK1  00C1
map@x                       cstackBANK1  00B5
reset_vec                   reset_vec    0000
saved_w                     (abs)        007E
sprintf@ap                  cstackBANK0  0034
sprintf@c                   cstackBANK0  003C
sprintf@f                   cstackBANK0  002E
sprintf@flag                cstackBANK0  0036
sprintf@prec                cstackBANK0  0035
sprintf@sp                  cstackBANK0  0039
sprintf@val                 cstackBANK0  0037
sprintf@width               cstackBANK0  003A
start                       init         000C
start_initialization        cinit        000F
wtemp0                      (abs)        007E


FUNCTION INFORMATION:

 *************** function _main *****************
 Defined at:
		line 65 in file "AFC.c"
 Parameters:    Size  Location     Type
		None
 Auto vars:     Size  Location     Type
		None
 Return value:  Size  Location     Type
                  1    wreg      void 
 Registers used:
		wreg, fsr0l, fsr0h, status,2, status,0, btemp+1, pclath, cstack
 Tracked objects:
		On entry : 
		On exit  : 
		Unchanged: 
 Data sizes:     COMMON   BANK0   BANK1   BANK3   BANK2
      Params:         0       0       0       0       0
      Locals:         0       0       0       0       0
      Temps:          0       0       0       3       0
      Totals:         0       0       0       3       0
Total ram usage:        3 bytes
 Hardware stack levels required when called:    7
 This function calls:
		_ADC_Init
		_Alarms
		_GetTemp
		_I2C_Master_Init
		_LCD_Clear
		_LCD_Init
		_LCD_Set_Cursor
		_LCD_Write_String
		___fltol
		___xxtofl
		_map
		_sprintf
 This function is called by:
		Startup code after reset
 This function uses a non-reentrant model


 *************** function _sprintf *****************
 Defined at:
		line 505 in file "C:\Program Files\Microchip\xc8\v2.30\pic\sources\c90\common\doprnt.c"
 Parameters:    Size  Location     Type
  sp              1    wreg     PTR unsigned char 
		 -> fanSTR(16), TempSTR(16), 
  f               1   14[BANK0 ] PTR const unsigned char 
		 -> STR_6(4), STR_5(6), 
 Auto vars:     Size  Location     Type
  sp              1   25[BANK0 ] PTR unsigned char 
		 -> fanSTR(16), TempSTR(16), 
  tmpval          4    0        struct .
  width           2   26[BANK0 ] int 
  val             2   23[BANK0 ] unsigned int 
  cp              2    0        PTR const unsigned char 
  len             2    0        unsigned int 
  c               1   28[BANK0 ] unsigned char 
  flag            1   22[BANK0 ] unsigned char 
  prec            1   21[BANK0 ] char 
  ap              1   20[BANK0 ] PTR void [1]
		 -> ?_sprintf(2), 
 Return value:  Size  Location     Type
                  2   14[BANK0 ] int 
 Registers used:
		wreg, fsr0l, fsr0h, status,2, status,0, btemp+1, pclath, cstack
 Tracked objects:
		On entry : 
		On exit  : 
		Unchanged: 
 Data sizes:     COMMON   BANK0   BANK1   BANK3   BANK2
      Params:         0       3       0       0       0
      Locals:         0       9       0       0       0
      Temps:          0       3       0       0       0
      Totals:         0      15       0       0       0
Total ram usage:       15 bytes
 Hardware stack levels used:    1
 Hardware stack levels required when called:    2
 This function calls:
		___lwdiv
		___lwmod
		___wmul
		_isdigit
 This function is called by:
		_main
 This function uses a non-reentrant model


 *************** function _isdigit *****************
 Defined at:
		line 8 in file "C:\Program Files\Microchip\xc8\v2.30\pic\sources\c90\common\isdigit.c"
 Parameters:    Size  Location     Type
  c               1    wreg     unsigned char 
 Auto vars:     Size  Location     Type
  c               1    1[BANK0 ] unsigned char 
 Return value:  Size  Location     Type
		None               void
 Registers used:
		wreg, status,2, status,0
 Tracked objects:
		On entry : 
		On exit  : 
		Unchanged: 
 Data sizes:     COMMON   BANK0   BANK1   BANK3   BANK2
      Params:         0       0       0       0       0
      Locals:         0       2       0       0       0
      Temps:          0       0       0       0       0
      Totals:         0       2       0       0       0
Total ram usage:        2 bytes
 Hardware stack levels used:    1
 Hardware stack levels required when called:    1
 This function calls:
		Nothing
 This function is called by:
		_sprintf
 This function uses a non-reentrant model


 *************** function ___wmul *****************
 Defined at:
		line 15 in file "C:\Program Files\Microchip\xc8\v2.30\pic\sources\c90\common\Umul16.c"
 Parameters:    Size  Location     Type
  multiplier      2    0[BANK0 ] unsigned int 
  multiplicand    2    2[BANK0 ] unsigned int 
 Auto vars:     Size  Location     Type
  product         2    4[BANK0 ] unsigned int 
 Return value:  Size  Location     Type
                  2    0[BANK0 ] unsigned int 
 Registers used:
		wreg, status,2, status,0
 Tracked objects:
		On entry : 
		On exit  : 
		Unchanged: 
 Data sizes:     COMMON   BANK0   BANK1   BANK3   BANK2
      Params:         0       4       0       0       0
      Locals:         0       2       0       0       0
      Temps:          0       0       0       0       0
      Totals:         0       6       0       0       0
Total ram usage:        6 bytes
 Hardware stack levels used:    1
 Hardware stack levels required when called:    1
 This function calls:
		Nothing
 This function is called by:
		_sprintf
 This function uses a non-reentrant model


 *************** function ___lwmod *****************
 Defined at:
		line 5 in file "C:\Program Files\Microchip\xc8\v2.30\pic\sources\c90\common\lwmod.c"
 Parameters:    Size  Location     Type
  divisor         2    8[BANK0 ] unsigned int 
  dividend        2   10[BANK0 ] unsigned int 
 Auto vars:     Size  Location     Type
  counter         1   13[BANK0 ] unsigned char 
 Return value:  Size  Location     Type
                  2    8[BANK0 ] unsigned int 
 Registers used:
		wreg, status,2, status,0
 Tracked objects:
		On entry : 
		On exit  : 
		Unchanged: 
 Data sizes:     COMMON   BANK0   BANK1   BANK3   BANK2
      Params:         0       4       0       0       0
      Locals:         0       1       0       0       0
      Temps:          0       1       0       0       0
      Totals:         0       6       0       0       0
Total ram usage:        6 bytes
 Hardware stack levels used:    1
 Hardware stack levels required when called:    1
 This function calls:
		Nothing
 This function is called by:
		_sprintf
 This function uses a non-reentrant model


 *************** function ___lwdiv *****************
 Defined at:
		line 5 in file "C:\Program Files\Microchip\xc8\v2.30\pic\sources\c90\common\lwdiv.c"
 Parameters:    Size  Location     Type
  divisor         2    0[BANK0 ] unsigned int 
  dividend        2    2[BANK0 ] unsigned int 
 Auto vars:     Size  Location     Type
  quotient        2    6[BANK0 ] unsigned int 
  counter         1    5[BANK0 ] unsigned char 
 Return value:  Size  Location     Type
                  2    0[BANK0 ] unsigned int 
 Registers used:
		wreg, status,2, status,0
 Tracked objects:
		On entry : 
		On exit  : 
		Unchanged: 
 Data sizes:     COMMON   BANK0   BANK1   BANK3   BANK2
      Params:         0       4       0       0       0
      Locals:         0       3       0       0       0
      Temps:          0       1       0       0       0
      Totals:         0       8       0       0       0
Total ram usage:        8 bytes
 Hardware stack levels used:    1
 Hardware stack levels required when called:    1
 This function calls:
		Nothing
 This function is called by:
		_sprintf
 This function uses a non-reentrant model


 *************** function _map *****************
 Defined at:
		line 286 in file "AFC.c"
 Parameters:    Size  Location     Type
  x               4   21[BANK1 ] float 
  in_min          4   25[BANK1 ] float 
  in_max          4   29[BANK1 ] float 
  out_min         4   33[BANK1 ] float 
  out_max         4   37[BANK1 ] float 
 Auto vars:     Size  Location     Type
		None
 Return value:  Size  Location     Type
                  4   21[BANK1 ] float 
 Registers used:
		wreg, status,2, status,0, btemp+1, pclath, cstack
 Tracked objects:
		On entry : 
		On exit  : 
		Unchanged: 
 Data sizes:     COMMON   BANK0   BANK1   BANK3   BANK2
      Params:         0       0      20       0       0
      Locals:         0       0       4       0       0
      Temps:          0       0       0       0       0
      Totals:         0       0      24       0       0
Total ram usage:       24 bytes
 Hardware stack levels used:    1
 Hardware stack levels required when called:    3
 This function calls:
		___fladd
		___fldiv
		___flmul
		___flsub
 This function is called by:
		_main
 This function uses a non-reentrant model


 *************** function _LCD_Write_String *****************
 Defined at:
		line 134 in file "I2C_LCD.c"
 Parameters:    Size  Location     Type
  Str             2    6[BANK0 ] PTR unsigned char 
		 -> STR_11(13), STR_10(13), STR_9(2), STR_8(10), 
		 -> STR_7(11), fanSTR(16), TempSTR(16), STR_4(12), 
		 -> STR_3(14), STR_2(14), STR_1(15), 
 Auto vars:     Size  Location     Type
  i               2   11[BANK0 ] int 
 Return value:  Size  Location     Type
                  1    wreg      void 
 Registers used:
		wreg, fsr0l, fsr0h, status,2, status,0, btemp+1, pclath, cstack
 Tracked objects:
		On entry : 
		On exit  : 
		Unchanged: 
 Data sizes:     COMMON   BANK0   BANK1   BANK3   BANK2
      Params:         0       2       0       0       0
      Locals:         0       2       0       0       0
      Temps:          0       3       0       0       0
      Totals:         0       7       0       0       0
Total ram usage:        7 bytes
 Hardware stack levels used:    1
 Hardware stack levels required when called:    6
 This function calls:
		_LCD_Write_Char
 This function is called by:
		_main
 This function uses a non-reentrant model


 *************** function _LCD_Write_Char *****************
 Defined at:
		line 127 in file "I2C_LCD.c"
 Parameters:    Size  Location     Type
  Data            1    wreg     unsigned char 
 Auto vars:     Size  Location     Type
  Data            1    5[BANK0 ] unsigned char 
 Return value:  Size  Location     Type
                  1    wreg      void 
 Registers used:
		wreg, status,2, status,0, pclath, cstack
 Tracked objects:
		On entry : 
		On exit  : 
		Unchanged: 
 Data sizes:     COMMON   BANK0   BANK1   BANK3   BANK2
      Params:         0       0       0       0       0
      Locals:         0       1       0       0       0
      Temps:          0       1       0       0       0
      Totals:         0       2       0       0       0
Total ram usage:        2 bytes
 Hardware stack levels used:    1
 Hardware stack levels required when called:    5
 This function calls:
		_LCD_Write_4Bit
 This function is called by:
		_LCD_Write_String
 This function uses a non-reentrant model


 *************** function _LCD_Set_Cursor *****************
 Defined at:
		line 140 in file "I2C_LCD.c"
 Parameters:    Size  Location     Type
  ROW             1    wreg     unsigned char 
  COL             1    6[BANK0 ] unsigned char 
 Auto vars:     Size  Location     Type
  ROW             1    7[BANK0 ] unsigned char 
 Return value:  Size  Location     Type
                  1    wreg      void 
 Registers used:
		wreg, fsr0l, fsr0h, status,2, status,0, pclath, cstack
 Tracked objects:
		On entry : 
		On exit  : 
		Unchanged: 
 Data sizes:     COMMON   BANK0   BANK1   BANK3   BANK2
      Params:         0       1       0       0       0
      Locals:         0       1       0       0       0
      Temps:          0       0       0       0       0
      Totals:         0       2       0       0       0
Total ram usage:        2 bytes
 Hardware stack levels used:    1
 Hardware stack levels required when called:    6
 This function calls:
		_LCD_CMD
 This function is called by:
		_main
 This function uses a non-reentrant model


 *************** function _LCD_Init *****************
 Defined at:
		line 80 in file "I2C_LCD.c"
 Parameters:    Size  Location     Type
  I2C_Add         1    wreg     unsigned char 
 Auto vars:     Size  Location     Type
  I2C_Add         1    8[BANK0 ] unsigned char 
 Return value:  Size  Location     Type
                  1    wreg      void 
 Registers used:
		wreg, status,2, status,0, pclath, cstack
 Tracked objects:
		On entry : 
		On exit  : 
		Unchanged: 
 Data sizes:     COMMON   BANK0   BANK1   BANK3   BANK2
      Params:         0       0       0       0       0
      Locals:         0       1       0       0       0
      Temps:          0       2       0       0       0
      Totals:         0       3       0       0       0
Total ram usage:        3 bytes
 Hardware stack levels used:    1
 Hardware stack levels required when called:    6
 This function calls:
		_IO_Expander_Write
		_LCD_CMD
 This function is called by:
		_main
 This function uses a non-reentrant model


 *************** function _LCD_Clear *****************
 Defined at:
		line 183 in file "I2C_LCD.c"
 Parameters:    Size  Location     Type
		None
 Auto vars:     Size  Location     Type
		None
 Return value:  Size  Location     Type
                  1    wreg      void 
 Registers used:
		wreg, status,2, status,0, pclath, cstack
 Tracked objects:
		On entry : 
		On exit  : 
		Unchanged: 
 Data sizes:     COMMON   BANK0   BANK1   BANK3   BANK2
      Params:         0       0       0       0       0
      Locals:         0       0       0       0       0
      Temps:          0       1       0       0       0
      Totals:         0       1       0       0       0
Total ram usage:        1 bytes
 Hardware stack levels used:    1
 Hardware stack levels required when called:    6
 This function calls:
		_LCD_CMD
 This function is called by:
		_main
 This function uses a non-reentrant model


 *************** function _LCD_CMD *****************
 Defined at:
		line 120 in file "I2C_LCD.c"
 Parameters:    Size  Location     Type
  CMD             1    wreg     unsigned char 
 Auto vars:     Size  Location     Type
  CMD             1    5[BANK0 ] unsigned char 
 Return value:  Size  Location     Type
                  1    wreg      void 
 Registers used:
		wreg, status,2, status,0, pclath, cstack
 Tracked objects:
		On entry : 
		On exit  : 
		Unchanged: 
 Data sizes:     COMMON   BANK0   BANK1   BANK3   BANK2
      Params:         0       0       0       0       0
      Locals:         0       1       0       0       0
      Temps:          0       1       0       0       0
      Totals:         0       2       0       0       0
Total ram usage:        2 bytes
 Hardware stack levels used:    1
 Hardware stack levels required when called:    5
 This function calls:
		_LCD_Write_4Bit
 This function is called by:
		_LCD_Init
		_LCD_Set_Cursor
		_LCD_Clear
		_LCD_SL
		_LCD_SR
 This function uses a non-reentrant model


 *************** function _LCD_Write_4Bit *****************
 Defined at:
		line 111 in file "I2C_LCD.c"
 Parameters:    Size  Location     Type
  Nibble          1    wreg     unsigned char 
 Auto vars:     Size  Location     Type
  Nibble          1    3[BANK0 ] unsigned char 
 Return value:  Size  Location     Type
                  1    wreg      void 
 Registers used:
		wreg, status,2, status,0, pclath, cstack
 Tracked objects:
		On entry : 
		On exit  : 
		Unchanged: 
 Data sizes:     COMMON   BANK0   BANK1   BANK3   BANK2
      Params:         0       0       0       0       0
      Locals:         0       1       0       0       0
      Temps:          0       1       0       0       0
      Totals:         0       2       0       0       0
Total ram usage:        2 bytes
 Hardware stack levels used:    1
 Hardware stack levels required when called:    4
 This function calls:
		_IO_Expander_Write
 This function is called by:
		_LCD_CMD
		_LCD_Write_Char
 This function uses a non-reentrant model


 *************** function _IO_Expander_Write *****************
 Defined at:
		line 103 in file "I2C_LCD.c"
 Parameters:    Size  Location     Type
  Data            1    wreg     unsigned char 
 Auto vars:     Size  Location     Type
  Data            1    1[BANK0 ] unsigned char 
 Return value:  Size  Location     Type
                  1    wreg      void 
 Registers used:
		wreg, status,2, status,0, pclath, cstack
 Tracked objects:
		On entry : 
		On exit  : 
		Unchanged: 
 Data sizes:     COMMON   BANK0   BANK1   BANK3   BANK2
      Params:         0       0       0       0       0
      Locals:         0       1       0       0       0
      Temps:          0       0       0       0       0
      Totals:         0       1       0       0       0
Total ram usage:        1 bytes
 Hardware stack levels used:    1
 Hardware stack levels required when called:    3
 This function calls:
		_I2C_Master_Start
		_I2C_Master_Stop
		_I2C_Master_Write
 This function is called by:
		_LCD_Init
		_LCD_Write_4Bit
		_Backlight
		_noBacklight
 This function uses a non-reentrant model


 *************** function _I2C_Master_Write *****************
 Defined at:
		line 56 in file "I2C_LCD.c"
 Parameters:    Size  Location     Type
  data            1    wreg     unsigned char 
 Auto vars:     Size  Location     Type
  data            1    0[BANK0 ] unsigned char 
 Return value:  Size  Location     Type
                  1    wreg      unsigned char 
 Registers used:
		wreg, status,2, status,0, pclath, cstack
 Tracked objects:
		On entry : 
		On exit  : 
		Unchanged: 
 Data sizes:     COMMON   BANK0   BANK1   BANK3   BANK2
      Params:         0       0       0       0       0
      Locals:         0       1       0       0       0
      Temps:          0       0       0       0       0
      Totals:         0       1       0       0       0
Total ram usage:        1 bytes
 Hardware stack levels used:    1
 Hardware stack levels required when called:    2
 This function calls:
		_I2C_Master_Wait
 This function is called by:
		_IO_Expander_Write
 This function uses a non-reentrant model


 *************** function _I2C_Master_Stop *****************
 Defined at:
		line 36 in file "I2C_LCD.c"
 Parameters:    Size  Location     Type
		None
 Auto vars:     Size  Location     Type
		None
 Return value:  Size  Location     Type
                  1    wreg      void 
 Registers used:
		wreg, status,2, status,0, pclath, cstack
 Tracked objects:
		On entry : 
		On exit  : 
		Unchanged: 
 Data sizes:     COMMON   BANK0   BANK1   BANK3   BANK2
      Params:         0       0       0       0       0
      Locals:         0       0       0       0       0
      Temps:          0       0       0       0       0
      Totals:         0       0       0       0       0
Total ram usage:        0 bytes
 Hardware stack levels used:    1
 Hardware stack levels required when called:    2
 This function calls:
		_I2C_Master_Wait
 This function is called by:
		_IO_Expander_Write
 This function uses a non-reentrant model


 *************** function _I2C_Master_Start *****************
 Defined at:
		line 24 in file "I2C_LCD.c"
 Parameters:    Size  Location     Type
		None
 Auto vars:     Size  Location     Type
		None
 Return value:  Size  Location     Type
                  1    wreg      void 
 Registers used:
		wreg, status,2, status,0, pclath, cstack
 Tracked objects:
		On entry : 
		On exit  : 
		Unchanged: 
 Data sizes:     COMMON   BANK0   BANK1   BANK3   BANK2
      Params:         0       0       0       0       0
      Locals:         0       0       0       0       0
      Temps:          0       0       0       0       0
      Totals:         0       0       0       0       0
Total ram usage:        0 bytes
 Hardware stack levels used:    1
 Hardware stack levels required when called:    2
 This function calls:
		_I2C_Master_Wait
 This function is called by:
		_IO_Expander_Write
 This function uses a non-reentrant model


 *************** function _I2C_Master_Wait *****************
 Defined at:
		line 19 in file "I2C_LCD.c"
 Parameters:    Size  Location     Type
		None
 Auto vars:     Size  Location     Type
		None
 Return value:  Size  Location     Type
                  1    wreg      void 
 Registers used:
		wreg, status,2
 Tracked objects:
		On entry : 
		On exit  : 
		Unchanged: 
 Data sizes:     COMMON   BANK0   BANK1   BANK3   BANK2
      Params:         0       0       0       0       0
      Locals:         0       0       0       0       0
      Temps:          0       0       0       0       0
      Totals:         0       0       0       0       0
Total ram usage:        0 bytes
 Hardware stack levels used:    1
 Hardware stack levels required when called:    1
 This function calls:
		Nothing
 This function is called by:
		_I2C_Master_Start
		_I2C_Master_Stop
		_I2C_Master_Write
		_I2C_Master_RepeatedStart
		_I2C_ACK
		_I2C_NACK
		_I2C_Read_Byte
 This function uses a non-reentrant model


 *************** function _I2C_Master_Init *****************
 Defined at:
		line 9 in file "I2C_LCD.c"
 Parameters:    Size  Location     Type
		None
 Auto vars:     Size  Location     Type
		None
 Return value:  Size  Location     Type
                  1    wreg      void 
 Registers used:
		wreg, status,2
 Tracked objects:
		On entry : 
		On exit  : 
		Unchanged: 
 Data sizes:     COMMON   BANK0   BANK1   BANK3   BANK2
      Params:         0       0       0       0       0
      Locals:         0       0       0       0       0
      Temps:          0       0       0       0       0
      Totals:         0       0       0       0       0
Total ram usage:        0 bytes
 Hardware stack levels used:    1
 Hardware stack levels required when called:    1
 This function calls:
		Nothing
 This function is called by:
		_main
 This function uses a non-reentrant model


 *************** function _GetTemp *****************
 Defined at:
		line 290 in file "AFC.c"
 Parameters:    Size  Location     Type
		None
 Auto vars:     Size  Location     Type
		None
 Return value:  Size  Location     Type
                  2   56[BANK1 ] int 
 Registers used:
		wreg, fsr0l, fsr0h, status,2, status,0, btemp+1, pclath, cstack
 Tracked objects:
		On entry : 
		On exit  : 
		Unchanged: 
 Data sizes:     COMMON   BANK0   BANK1   BANK3   BANK2
      Params:         0       0       2       0       0
      Locals:         0       0       4       0       0
      Temps:          0       0       4       0       0
      Totals:         0       0      10       0       0
Total ram usage:       10 bytes
 Hardware stack levels used:    1
 Hardware stack levels required when called:    5
 This function calls:
		_ADC_Read
		___fladd
		___fldiv
		___flmul
		___flsub
		___fltol
		___xxtofl
		_log
 This function is called by:
		_main
 This function uses a non-reentrant model


 *************** function _log *****************
 Defined at:
		line 5 in file "C:\Program Files\Microchip\xc8\v2.30\pic\sources\c90\common\log.c"
 Parameters:    Size  Location     Type
  x               4   21[BANK1 ] int 
 Auto vars:     Size  Location     Type
  exponent        2   25[BANK1 ] int 
 Return value:  Size  Location     Type
                  4   21[BANK1 ] int 
 Registers used:
		wreg, fsr0l, fsr0h, status,2, status,0, btemp+1, pclath, cstack
 Tracked objects:
		On entry : 
		On exit  : 
		Unchanged: 
 Data sizes:     COMMON   BANK0   BANK1   BANK3   BANK2
      Params:         0       0       4       0       0
      Locals:         0       0       2       0       0
      Temps:          0       1       0       0       0
      Totals:         0       1       6       0       0
Total ram usage:        7 bytes
 Hardware stack levels used:    1
 Hardware stack levels required when called:    4
 This function calls:
		___fladd
		___fleq
		___flge
		___flmul
		___xxtofl
		_eval_poly
		_frexp
 This function is called by:
		_GetTemp
 This function uses a non-reentrant model


 *************** function _frexp *****************
 Defined at:
		line 254 in file "C:\Program Files\Microchip\xc8\v2.30\pic\sources\c90\common\frexp.c"
 Parameters:    Size  Location     Type
  value           4   12[BANK0 ] int 
  eptr            1   16[BANK0 ] PTR int 
		 -> log@exponent(2), 
 Auto vars:     Size  Location     Type
		None
 Return value:  Size  Location     Type
                  4   12[BANK0 ] PTR int 
 Registers used:
		wreg, fsr0l, fsr0h, status,2, status,0, btemp+1, pclath, cstack
 Tracked objects:
		On entry : 
		On exit  : 
		Unchanged: 
 Data sizes:     COMMON   BANK0   BANK1   BANK3   BANK2
      Params:         0       5       0       0       0
      Locals:         0       0       0       0       0
      Temps:          0       2       0       0       0
      Totals:         0       7       0       0       0
Total ram usage:        7 bytes
 Hardware stack levels used:    1
 Hardware stack levels required when called:    2
 This function calls:
		___fleq
 This function is called by:
		_log
 This function uses a non-reentrant model


 *************** function ___fleq *****************
 Defined at:
		line 4 in file "C:\Program Files\Microchip\xc8\v2.30\pic\sources\c90\common\fleq.c"
 Parameters:    Size  Location     Type
  ff1             4    0[BANK0 ] PTR int 
  ff2             4    4[BANK0 ] PTR int 
 Auto vars:     Size  Location     Type
		None
 Return value:  Size  Location     Type
		None               void
 Registers used:
		wreg, status,2, status,0
 Tracked objects:
		On entry : 
		On exit  : 
		Unchanged: 
 Data sizes:     COMMON   BANK0   BANK1   BANK3   BANK2
      Params:         0       8       0       0       0
      Locals:         0       0       0       0       0
      Temps:          0       4       0       0       0
      Totals:         0      12       0       0       0
Total ram usage:       12 bytes
 Hardware stack levels used:    1
 Hardware stack levels required when called:    1
 This function calls:
		Nothing
 This function is called by:
		_log
		_frexp
 This function uses a non-reentrant model


 *************** function _eval_poly *****************
 Defined at:
		line 4 in file "C:\Program Files\Microchip\xc8\v2.30\pic\sources\c90\common\evalpoly.c"
 Parameters:    Size  Location     Type
  x               4    0[BANK1 ] PTR int 
  d               1    4[BANK1 ] PTR const 
		 -> log@coeff(36), 
  n               2    5[BANK1 ] int 
 Auto vars:     Size  Location     Type
  res             4    7[BANK1 ] int 
 Return value:  Size  Location     Type
                  4    0[BANK1 ] int 
 Registers used:
		wreg, fsr0l, fsr0h, status,2, status,0, btemp+1, pclath, cstack
 Tracked objects:
		On entry : 
		On exit  : 
		Unchanged: 
 Data sizes:     COMMON   BANK0   BANK1   BANK3   BANK2
      Params:         0       0       7       0       0
      Locals:         0       0       4       0       0
      Temps:          0       5       0       0       0
      Totals:         0       5      11       0       0
Total ram usage:       16 bytes
 Hardware stack levels used:    1
 Hardware stack levels required when called:    3
 This function calls:
		___fladd
		___flmul
 This function is called by:
		_log
 This function uses a non-reentrant model


 *************** function ___flmul *****************
 Defined at:
		line 8 in file "C:\Program Files\Microchip\xc8\v2.30\pic\sources\c90\common\sprcmul.c"
 Parameters:    Size  Location     Type
  b               4   47[BANK0 ] int 
  a               4   51[BANK0 ] int 
 Auto vars:     Size  Location     Type
  prod            4   67[BANK0 ] struct .
  grs             4   62[BANK0 ] unsigned long 
  temp            2   71[BANK0 ] struct .
  bexp            1   66[BANK0 ] unsigned char 
  aexp            1   61[BANK0 ] unsigned char 
  sign            1   60[BANK0 ] unsigned char 
 Return value:  Size  Location     Type
                  4   47[BANK0 ] unsigned char 
 Registers used:
		wreg, status,2, status,0, btemp+1, pclath, cstack
 Tracked objects:
		On entry : 
		On exit  : 
		Unchanged: 
 Data sizes:     COMMON   BANK0   BANK1   BANK3   BANK2
      Params:         0       8       0       0       0
      Locals:         0      13       0       0       0
      Temps:          0       5       0       0       0
      Totals:         0      26       0       0       0
Total ram usage:       26 bytes
 Hardware stack levels used:    1
 Hardware stack levels required when called:    2
 This function calls:
		__Umul8_16
 This function is called by:
		_map
		_GetTemp
		_log
		_eval_poly
 This function uses a non-reentrant model


 *************** function __Umul8_16 *****************
 Defined at:
		line 4 in file "C:\Program Files\Microchip\xc8\v2.30\pic\sources\c90\common\Umul8_16.c"
 Parameters:    Size  Location     Type
  multiplier      1    wreg     unsigned char 
  multiplicand    1    0[BANK0 ] unsigned char 
 Auto vars:     Size  Location     Type
  multiplier      1    8[BANK0 ] unsigned char 
  word_mpld       2    6[BANK0 ] unsigned int 
  product         2    4[BANK0 ] unsigned int 
 Return value:  Size  Location     Type
                  2    0[BANK0 ] unsigned int 
 Registers used:
		wreg, status,2, status,0
 Tracked objects:
		On entry : 
		On exit  : 
		Unchanged: 
 Data sizes:     COMMON   BANK0   BANK1   BANK3   BANK2
      Params:         0       2       0       0       0
      Locals:         0       5       0       0       0
      Temps:          0       2       0       0       0
      Totals:         0       9       0       0       0
Total ram usage:        9 bytes
 Hardware stack levels used:    1
 Hardware stack levels required when called:    1
 This function calls:
		Nothing
 This function is called by:
		___flmul
 This function uses a non-reentrant model


 *************** function ___xxtofl *****************
 Defined at:
		line 10 in file "C:\Program Files\Microchip\xc8\v2.30\pic\sources\c90\common\xxtofl.c"
 Parameters:    Size  Location     Type
  sign            1    wreg     unsigned char 
  val             4    5[BANK0 ] long 
 Auto vars:     Size  Location     Type
  sign            1   13[BANK0 ] unsigned char 
  arg             4   15[BANK0 ] unsigned long 
  exp             1   14[BANK0 ] unsigned char 
 Return value:  Size  Location     Type
                  4    5[BANK0 ] unsigned char 
 Registers used:
		wreg, status,2, status,0
 Tracked objects:
		On entry : 
		On exit  : 
		Unchanged: 
 Data sizes:     COMMON   BANK0   BANK1   BANK3   BANK2
      Params:         0       4       0       0       0
      Locals:         0       6       0       0       0
      Temps:          0       4       0       0       0
      Totals:         0      14       0       0       0
Total ram usage:       14 bytes
 Hardware stack levels used:    1
 Hardware stack levels required when called:    1
 This function calls:
		Nothing
 This function is called by:
		_main
		_GetTemp
		_log
 This function uses a non-reentrant model


 *************** function ___flge *****************
 Defined at:
		line 4 in file "C:\Program Files\Microchip\xc8\v2.30\pic\sources\c90\common\flge.c"
 Parameters:    Size  Location     Type
  ff1             4    0[BANK0 ] unsigned char 
  ff2             4    4[BANK0 ] unsigned char 
 Auto vars:     Size  Location     Type
		None
 Return value:  Size  Location     Type
		None               void
 Registers used:
		wreg, status,2, status,0
 Tracked objects:
		On entry : 
		On exit  : 
		Unchanged: 
 Data sizes:     COMMON   BANK0   BANK1   BANK3   BANK2
      Params:         0       8       0       0       0
      Locals:         0       0       0       0       0
      Temps:          0       4       0       0       0
      Totals:         0      12       0       0       0
Total ram usage:       12 bytes
 Hardware stack levels used:    1
 Hardware stack levels required when called:    1
 This function calls:
		Nothing
 This function is called by:
		_log
 This function uses a non-reentrant model


 *************** function ___fltol *****************
 Defined at:
		line 43 in file "C:\Program Files\Microchip\xc8\v2.30\pic\sources\c90\common\fltol.c"
 Parameters:    Size  Location     Type
  f1              4   45[BANK1 ] unsigned char 
 Auto vars:     Size  Location     Type
  exp1            1   55[BANK1 ] unsigned char 
  sign1           1   54[BANK1 ] unsigned char 
 Return value:  Size  Location     Type
                  4   45[BANK1 ] long 
 Registers used:
		wreg, status,2, status,0
 Tracked objects:
		On entry : 
		On exit  : 
		Unchanged: 
 Data sizes:     COMMON   BANK0   BANK1   BANK3   BANK2
      Params:         0       0       4       0       0
      Locals:         0       0       2       0       0
      Temps:          0       0       5       0       0
      Totals:         0       0      11       0       0
Total ram usage:       11 bytes
 Hardware stack levels used:    1
 Hardware stack levels required when called:    1
 This function calls:
		Nothing
 This function is called by:
		_main
		_GetTemp
 This function uses a non-reentrant model


 *************** function ___flsub *****************
 Defined at:
		line 242 in file "C:\Program Files\Microchip\xc8\v2.30\pic\sources\c90\common\sprcadd.c"
 Parameters:    Size  Location     Type
  a               4   39[BANK0 ] long 
  b               4   43[BANK0 ] long 
 Auto vars:     Size  Location     Type
		None
 Return value:  Size  Location     Type
                  4   39[BANK0 ] long 
 Registers used:
		wreg, status,2, status,0, btemp+1, pclath, cstack
 Tracked objects:
		On entry : 
		On exit  : 
		Unchanged: 
 Data sizes:     COMMON   BANK0   BANK1   BANK3   BANK2
      Params:         0       8       0       0       0
      Locals:         0       0       0       0       0
      Temps:          0       0       0       0       0
      Totals:         0       8       0       0       0
Total ram usage:        8 bytes
 Hardware stack levels used:    1
 Hardware stack levels required when called:    2
 This function calls:
		___fladd
 This function is called by:
		_map
		_GetTemp
 This function uses a non-reentrant model


 *************** function ___fladd *****************
 Defined at:
		line 10 in file "C:\Program Files\Microchip\xc8\v2.30\pic\sources\c90\common\sprcadd.c"
 Parameters:    Size  Location     Type
  b               4   19[BANK0 ] long 
  a               4   23[BANK0 ] long 
 Auto vars:     Size  Location     Type
  grs             1   38[BANK0 ] unsigned char 
  bexp            1   37[BANK0 ] unsigned char 
  aexp            1   36[BANK0 ] unsigned char 
  signs           1   35[BANK0 ] unsigned char 
 Return value:  Size  Location     Type
                  4   19[BANK0 ] unsigned char 
 Registers used:
		wreg, status,2, status,0, btemp+1
 Tracked objects:
		On entry : 
		On exit  : 
		Unchanged: 
 Data sizes:     COMMON   BANK0   BANK1   BANK3   BANK2
      Params:         0       8       0       0       0
      Locals:         0       4       0       0       0
      Temps:          0       8       0       0       0
      Totals:         0      20       0       0       0
Total ram usage:       20 bytes
 Hardware stack levels used:    1
 Hardware stack levels required when called:    1
 This function calls:
		Nothing
 This function is called by:
		_map
		_GetTemp
		___flsub
		_log
		_eval_poly
 This function uses a non-reentrant model


 *************** function ___fldiv *****************
 Defined at:
		line 8 in file "C:\Program Files\Microchip\xc8\v2.30\pic\sources\c90\common\sprcdiv.c"
 Parameters:    Size  Location     Type
  a               4    0[BANK1 ] unsigned char 
  b               4    4[BANK1 ] unsigned char 
 Auto vars:     Size  Location     Type
  grs             4   15[BANK1 ] unsigned long 
  rem             4    8[BANK1 ] unsigned long 
  new_exp         2   13[BANK1 ] int 
  aexp            1   20[BANK1 ] unsigned char 
  bexp            1   19[BANK1 ] unsigned char 
  sign            1   12[BANK1 ] unsigned char 
 Return value:  Size  Location     Type
                  4    0[BANK1 ] unsigned char 
 Registers used:
		wreg, status,2, status,0, btemp+1
 Tracked objects:
		On entry : 
		On exit  : 
		Unchanged: 
 Data sizes:     COMMON   BANK0   BANK1   BANK3   BANK2
      Params:         0       0       8       0       0
      Locals:         0       0      13       0       0
      Temps:          0       5       0       0       0
      Totals:         0       5      21       0       0
Total ram usage:       26 bytes
 Hardware stack levels used:    1
 Hardware stack levels required when called:    1
 This function calls:
		Nothing
 This function is called by:
		_map
		_GetTemp
 This function uses a non-reentrant model


 *************** function _Alarms *****************
 Defined at:
		line 305 in file "AFC.c"
 Parameters:    Size  Location     Type
		None
 Auto vars:     Size  Location     Type
		None
 Return value:  Size  Location     Type
                  2    5[BANK0 ] int 
 Registers used:
		wreg, status,2, status,0, pclath, cstack
 Tracked objects:
		On entry : 
		On exit  : 
		Unchanged: 
 Data sizes:     COMMON   BANK0   BANK1   BANK3   BANK2
      Params:         0       2       0       0       0
      Locals:         0       0       0       0       0
      Temps:          0       1       0       0       0
      Totals:         0       3       0       0       0
Total ram usage:        3 bytes
 Hardware stack levels used:    1
 Hardware stack levels required when called:    2
 This function calls:
		_ADC_Read
 This function is called by:
		_main
 This function uses a non-reentrant model


 *************** function _ADC_Read *****************
 Defined at:
		line 233 in file "AFC.c"
 Parameters:    Size  Location     Type
  ANC             1    wreg     unsigned char 
 Auto vars:     Size  Location     Type
  ANC             1    4[BANK0 ] unsigned char 
 Return value:  Size  Location     Type
                  2    0[BANK0 ] unsigned int 
 Registers used:
		wreg, status,2, status,0
 Tracked objects:
		On entry : 
		On exit  : 
		Unchanged: 
 Data sizes:     COMMON   BANK0   BANK1   BANK3   BANK2
      Params:         0       2       0       0       0
      Locals:         0       1       0       0       0
      Temps:          0       2       0       0       0
      Totals:         0       5       0       0       0
Total ram usage:        5 bytes
 Hardware stack levels used:    1
 Hardware stack levels required when called:    1
 This function calls:
		Nothing
 This function is called by:
		_GetTemp
		_Alarms
 This function uses a non-reentrant model


 *************** function _ADC_Init *****************
 Defined at:
		line 227 in file "AFC.c"
 Parameters:    Size  Location     Type
		None
 Auto vars:     Size  Location     Type
		None
 Return value:  Size  Location     Type
                  1    wreg      void 
 Registers used:
		wreg
 Tracked objects:
		On entry : 
		On exit  : 
		Unchanged: 
 Data sizes:     COMMON   BANK0   BANK1   BANK3   BANK2
      Params:         0       0       0       0       0
      Locals:         0       0       0       0       0
      Temps:          0       0       0       0       0
      Totals:         0       0       0       0       0
Total ram usage:        0 bytes
 Hardware stack levels used:    1
 Hardware stack levels required when called:    1
 This function calls:
		Nothing
 This function is called by:
		_main
 This function uses a non-reentrant model


 *************** function _ISR *****************
 Defined at:
		line 248 in file "AFC.c"
 Parameters:    Size  Location     Type
		None
 Auto vars:     Size  Location     Type
		None
 Return value:  Size  Location     Type
                  1    wreg      void 
 Registers used:
		wreg, status,2, status,0
 Tracked objects:
		On entry : 
		On exit  : 
		Unchanged: 
 Data sizes:     COMMON   BANK0   BANK1   BANK3   BANK2
      Params:         0       0       0       0       0
      Locals:         0       0       0       0       0
      Temps:          6       0       0       0       0
      Totals:         6       0       0       0       0
Total ram usage:        6 bytes
 Hardware stack levels used:    1
 This function calls:
		Nothing
 This function is called by:
		Interrupt level 1
 This function uses a non-reentrant model



MODULE INFORMATION

Module		Function		Class		Link	Load	Size
C:\Program Files\Microchip\xc8\v2.30\pic\sources\c90\common\lwmod.c
		___lwmod       		CODE           	07BB	0000	60

C:\Program Files\Microchip\xc8\v2.30\pic\sources\c90\common\lwmod.c estimated size: 60

C:\Program Files\Microchip\xc8\v2.30\pic\sources\c90\common\sprcmul.c
		___flmul       		CODE           	045A	0000	865

C:\Program Files\Microchip\xc8\v2.30\pic\sources\c90\common\sprcmul.c estimated size: 865

C:\Program Files\Microchip\xc8\v2.30\pic\sources\c90\common\frexp.c
		_frexp         		CODE           	1F1C	0000	92

C:\Program Files\Microchip\xc8\v2.30\pic\sources\c90\common\frexp.c estimated size: 92

C:\Program Files\Microchip\xc8\v2.30\pic\sources\c90\common\sprcdiv.c
		___fldiv       		CODE           	087F	0000	611

C:\Program Files\Microchip\xc8\v2.30\pic\sources\c90\common\sprcdiv.c estimated size: 611

C:\Program Files\Microchip\xc8\v2.30\pic\sources\c90\common\xxtofl.c
		___xxtofl      		CODE           	122B	0000	188

C:\Program Files\Microchip\xc8\v2.30\pic\sources\c90\common\xxtofl.c estimated size: 188

C:\Program Files\Microchip\xc8\v2.30\pic\sources\c90\common\lwdiv.c
		___lwdiv       		CODE           	10A8	0000	70

C:\Program Files\Microchip\xc8\v2.30\pic\sources\c90\common\lwdiv.c estimated size: 70

C:\Program Files\Microchip\xc8\v2.30\pic\sources\c90\common\fleq.c
		___fleq        		CODE           	1ECC	0000	80

C:\Program Files\Microchip\xc8\v2.30\pic\sources\c90\common\fleq.c estimated size: 80

C:\Program Files\Microchip\xc8\v2.30\pic\sources\c90\common\fltol.c
		___fltol       		CODE           	0803	0000	124

C:\Program Files\Microchip\xc8\v2.30\pic\sources\c90\common\fltol.c estimated size: 124

C:\Program Files\Microchip\xc8\v2.30\pic\sources\c90\common\log.c
		_log           		CODE           	150E	0000	370

C:\Program Files\Microchip\xc8\v2.30\pic\sources\c90\common\log.c estimated size: 370

C:\Program Files\Microchip\xc8\v2.30\pic\sources\c90\common\isdigit.c
		_isdigit       		CODE           	1CFA	0000	20

C:\Program Files\Microchip\xc8\v2.30\pic\sources\c90\common\isdigit.c estimated size: 20

C:\Program Files\Microchip\xc8\v2.30\pic\sources\c90\common\sprcadd.c
		___flsub       		CODE           	1D89	0000	36
		___fladd       		CODE           	0AE2	0000	648

C:\Program Files\Microchip\xc8\v2.30\pic\sources\c90\common\sprcadd.c estimated size: 684

C:\Program Files\Microchip\xc8\v2.30\pic\sources\c90\common\doprnt.c
		_sprintf       		CODE           	1680	0000	384

C:\Program Files\Microchip\xc8\v2.30\pic\sources\c90\common\doprnt.c estimated size: 384

shared
		__stringtab    		STRING         	1000	0000	16
		_dpowers       		STRING         	1010	0000	10
		_total_period  		STRING         	0000	0000	0
		__initialization		CODE           	000F	0000	67
		log@coeff      		STRING         	101E	0000	36

shared estimated size: 129

I2C_LCD.c
		_LCD_Init      		CODE           	10EE	0000	153
		_LCD_Write_4Bit		CODE           	1D4B	0000	31
		_LCD_Write_Char		CODE           	1D6A	0000	31
		_LCD_CMD       		CODE           	1D0E	0000	30
		_I2C_Master_Wait		CODE           	1CBA	0000	13
		_I2C_Master_Init		CODE           	1CAD	0000	13
		_I2C_Master_Stop		CODE           	07F7	0000	9
		_LCD_Set_Cursor		CODE           	1E23	0000	48
		_LCD_Clear     		CODE           	1CC7	0000	14
		_IO_Expander_Write		CODE           	1D2C	0000	31
		_I2C_Master_Write		CODE           	1CD5	0000	18
		_I2C_Master_Start		CODE           	1CA4	0000	9
		_LCD_Write_String		CODE           	1E86	0000	70

I2C_LCD.c estimated size: 470

C:\Program Files\Microchip\xc8\v2.30\pic\sources\c90\common\Umul16.c
		___wmul        		CODE           	1DD3	0000	39

C:\Program Files\Microchip\xc8\v2.30\pic\sources\c90\common\Umul16.c estimated size: 39

C:\Program Files\Microchip\xc8\v2.30\pic\sources\c90\common\evalpoly.c
		_eval_poly     		CODE           	12E7	0000	230

C:\Program Files\Microchip\xc8\v2.30\pic\sources\c90\common\evalpoly.c estimated size: 230

AFC.c
		_GetTemp       		CODE           	0D6A	0000	662
		_map           		CODE           	13CD	0000	321
		_ISR           		CODE           	1F78	0000	136
		_main          		CODE           	0056	0000	1028
		_Alarms        		CODE           	1DAD	0000	38
		_ADC_Read      		CODE           	1E53	0000	51
		_ADC_Init      		CODE           	1C9B	0000	9

AFC.c estimated size: 2245

C:\Program Files\Microchip\xc8\v2.30\pic\sources\c90\common\Umul8_16.c
		__Umul8_16     		CODE           	1DFA	0000	41

C:\Program Files\Microchip\xc8\v2.30\pic\sources\c90\common\Umul8_16.c estimated size: 41

C:\Program Files\Microchip\xc8\v2.30\pic\sources\c90\common\flge.c
		___flge        		CODE           	1187	0000	164

C:\Program Files\Microchip\xc8\v2.30\pic\sources\c90\common\flge.c estimated size: 164

